========================================
Mon Sep  7 16:39:07 HKT 2026: Starting backfill from 2026-09-06 to 2026-09-17
========================================
Mon Sep  7 16:39:07 HKT 2026: Running src.main for 2026-09-06 with cargo=false arrival=true
Mon Sep  7 16:39:08 HKT 2026: Successfully processed 2026-09-06 (cargo=false, arrival=true)
Mon Sep  7 16:39:09 HKT 2026: Running src.main for 2026-09-06 with cargo=false arrival=false
Mon Sep  7 16:39:10 HKT 2026: Successfully processed 2026-09-06 (cargo=false, arrival=false)
Mon Sep  7 16:39:11 HKT 2026: Running src.main for 2026-09-07 with cargo=false arrival=true
Mon Sep  7 16:39:12 HKT 2026: Successfully processed 2026-09-07 (cargo=false, arrival=true)
Mon Sep  7 16:39:13 HKT 2026: Running src.main for 2026-09-07 with cargo=false arrival=false
Mon Sep  7 16:39:14 HKT 2026: Successfully processed 2026-09-07 (cargo=false, arrival=false)
Mon Sep  7 16:39:15 HKT 2026: Running src.main for 2026-09-08 with cargo=false arrival=true
Mon Sep  7 16:39:16 HKT 2026: Successfully processed 2026-09-08 (cargo=false, arrival=true)
Mon Sep  7 16:39:17 HKT 2026: Running src.main for 2026-09-08 with cargo=false arrival=false
Mon Sep  7 16:39:18 HKT 2026: Successfully processed 2026-09-08 (cargo=false, arrival=false)
Mon Sep  7 16:39:19 HKT 2026: Running src.main for 2026-09-09 with cargo=false arrival=true
Mon Sep  7 16:39:19 HKT 2026: Successfully processed 2026-09-09 (cargo=false, arrival=true)
Mon Sep  7 16:39:20 HKT 2026: Running src.main for 2026-09-09 with cargo=false arrival=false
Mon Sep  7 16:39:21 HKT 2026: Successfully processed 2026-09-09 (cargo=false, arrival=false)
Mon Sep  7 16:39:22 HKT 2026: Running src.main for 2026-09-10 with cargo=false arrival=true
Mon Sep  7 16:39:23 HKT 2026: Successfully processed 2026-09-10 (cargo=false, arrival=true)
Mon Sep  7 16:39:24 HKT 2026: Running src.main for 2026-09-10 with cargo=false arrival=false
Mon Sep  7 16:39:25 HKT 2026: Successfully processed 2026-09-10 (cargo=false, arrival=false)
Mon Sep  7 16:39:26 HKT 2026: Running src.main for 2026-09-11 with cargo=false arrival=true
Mon Sep  7 16:39:27 HKT 2026: Successfully processed 2026-09-11 (cargo=false, arrival=true)
Mon Sep  7 16:39:28 HKT 2026: Running src.main for 2026-09-11 with cargo=false arrival=false
Mon Sep  7 16:39:29 HKT 2026: Successfully processed 2026-09-11 (cargo=false, arrival=false)
Mon Sep  7 16:39:30 HKT 2026: Running src.main for 2026-09-12 with cargo=false arrival=true
Mon Sep  7 16:39:31 HKT 2026: Successfully processed 2026-09-12 (cargo=false, arrival=true)
Mon Sep  7 16:39:32 HKT 2026: Running src.main for 2026-09-12 with cargo=false arrival=false
Mon Sep  7 16:39:33 HKT 2026: Successfully processed 2026-09-12 (cargo=false, arrival=false)
Mon Sep  7 16:39:34 HKT 2026: Running src.main for 2026-09-13 with cargo=false arrival=true
Mon Sep  7 16:39:34 HKT 2026: Successfully processed 2026-09-13 (cargo=false, arrival=true)
Mon Sep  7 16:39:35 HKT 2026: Running src.main for 2026-09-13 with cargo=false arrival=false
Mon Sep  7 16:39:36 HKT 2026: Successfully processed 2026-09-13 (cargo=false, arrival=false)
Mon Sep  7 16:39:37 HKT 2026: Running src.main for 2026-09-14 with cargo=false arrival=true
Mon Sep  7 16:39:38 HKT 2026: Successfully processed 2026-09-14 (cargo=false, arrival=true)
Mon Sep  7 16:39:39 HKT 2026: Running src.main for 2026-09-14 with cargo=false arrival=false
Mon Sep  7 16:39:40 HKT 2026: Successfully processed 2026-09-14 (cargo=false, arrival=false)
Mon Sep  7 16:39:41 HKT 2026: Running src.main for 2026-09-15 with cargo=false arrival=true
Mon Sep  7 16:39:42 HKT 2026: Successfully processed 2026-09-15 (cargo=false, arrival=true)
Mon Sep  7 16:39:43 HKT 2026: Running src.main for 2026-09-15 with cargo=false arrival=false
Mon Sep  7 16:39:44 HKT 2026: Successfully processed 2026-09-15 (cargo=false, arrival=false)
Mon Sep  7 16:39:45 HKT 2026: Running src.main for 2026-09-16 with cargo=false arrival=true
Mon Sep  7 16:39:46 HKT 2026: Successfully processed 2026-09-16 (cargo=false, arrival=true)
Mon Sep  7 16:39:47 HKT 2026: Running src.main for 2026-09-16 with cargo=false arrival=false
Mon Sep  7 16:39:47 HKT 2026: Successfully processed 2026-09-16 (cargo=false, arrival=false)
Mon Sep  7 16:39:48 HKT 2026: Running src.main for 2026-09-17 with cargo=false arrival=true
Mon Sep  7 16:39:49 HKT 2026: Successfully processed 2026-09-17 (cargo=false, arrival=true)
Mon Sep  7 16:39:50 HKT 2026: Running src.main for 2026-09-17 with cargo=false arrival=false
Mon Sep  7 16:39:51 HKT 2026: Successfully processed 2026-09-17 (cargo=false, arrival=false)
========================================
Mon Sep  7 16:39:52 HKT 2026: Backfill completed!
========================================
========================================
Mon Sep  7 16:40:57 HKT 2026: Starting backfill from 2026-09-06 to 2026-09-09
========================================
Mon Sep  7 16:40:57 HKT 2026: Running src.main for 2026-09-06 with cargo=true arrival=true
Mon Sep  7 16:40:58 HKT 2026: Successfully processed 2026-09-06 (cargo=true, arrival=true)
Mon Sep  7 16:40:59 HKT 2026: Running src.main for 2026-09-06 with cargo=true arrival=false
Mon Sep  7 16:41:00 HKT 2026: Successfully processed 2026-09-06 (cargo=true, arrival=false)
Mon Sep  7 16:41:01 HKT 2026: Running src.main for 2026-09-07 with cargo=true arrival=true
Mon Sep  7 16:41:02 HKT 2026: Successfully processed 2026-09-07 (cargo=true, arrival=true)
Mon Sep  7 16:41:03 HKT 2026: Running src.main for 2026-09-07 with cargo=true arrival=false
Mon Sep  7 16:41:04 HKT 2026: Successfully processed 2026-09-07 (cargo=true, arrival=false)
Mon Sep  7 16:41:05 HKT 2026: Running src.main for 2026-09-08 with cargo=true arrival=true
Mon Sep  7 16:41:06 HKT 2026: Successfully processed 2026-09-08 (cargo=true, arrival=true)
Mon Sep  7 16:41:07 HKT 2026: Running src.main for 2026-09-08 with cargo=true arrival=false
Mon Sep  7 16:41:08 HKT 2026: Successfully processed 2026-09-08 (cargo=true, arrival=false)
Mon Sep  7 16:41:09 HKT 2026: Running src.main for 2026-09-09 with cargo=true arrival=true
Mon Sep  7 16:41:09 HKT 2026: Successfully processed 2026-09-09 (cargo=true, arrival=true)
Mon Sep  7 16:41:10 HKT 2026: Running src.main for 2026-09-09 with cargo=true arrival=false
Mon Sep  7 16:41:11 HKT 2026: Successfully processed 2026-09-09 (cargo=true, arrival=false)
========================================
Mon Sep  7 16:41:12 HKT 2026: Backfill completed!
========================================
========================================
Mon Sep  7 16:45:51 HKT 2026: Starting backfill from 2026-09-06 to 2026-09-09
========================================
Mon Sep  7 16:45:51 HKT 2026: Running src.main for 2026-09-06 with cargo=true arrival=true
Mon Sep  7 16:45:52 HKT 2026: Successfully processed 2026-09-06 (cargo=true, arrival=true)
Mon Sep  7 16:45:53 HKT 2026: Running src.main for 2026-09-06 with cargo=true arrival=false
Mon Sep  7 16:45:54 HKT 2026: Successfully processed 2026-09-06 (cargo=true, arrival=false)
Mon Sep  7 16:45:55 HKT 2026: Running src.main for 2026-09-07 with cargo=true arrival=true
Mon Sep  7 16:45:56 HKT 2026: Successfully processed 2026-09-07 (cargo=true, arrival=true)
Mon Sep  7 16:45:57 HKT 2026: Running src.main for 2026-09-07 with cargo=true arrival=false
Mon Sep  7 16:45:57 HKT 2026: Successfully processed 2026-09-07 (cargo=true, arrival=false)
Mon Sep  7 16:45:58 HKT 2026: Running src.main for 2026-09-08 with cargo=true arrival=true
Mon Sep  7 16:45:59 HKT 2026: Successfully processed 2026-09-08 (cargo=true, arrival=true)
Mon Sep  7 16:46:00 HKT 2026: Running src.main for 2026-09-08 with cargo=true arrival=false
Mon Sep  7 16:46:01 HKT 2026: Successfully processed 2026-09-08 (cargo=true, arrival=false)
Mon Sep  7 16:46:02 HKT 2026: Running src.main for 2026-09-09 with cargo=true arrival=true
Mon Sep  7 16:46:03 HKT 2026: Successfully processed 2026-09-09 (cargo=true, arrival=true)
Mon Sep  7 16:46:04 HKT 2026: Running src.main for 2026-09-09 with cargo=true arrival=false
Mon Sep  7 16:46:05 HKT 2026: Successfully processed 2026-09-09 (cargo=true, arrival=false)
========================================
Mon Sep  7 16:46:06 HKT 2026: Backfill completed!
========================================
========================================
Mon Sep  7 16:46:51 HKT 2026: Starting backfill from 2026-09-06 to 2026-09-09
========================================
Mon Sep  7 16:46:51 HKT 2026: Running src.main for 2026-09-06 with cargo=true arrival=true
Mon Sep  7 16:46:52 HKT 2026: Successfully processed 2026-09-06 (cargo=true, arrival=true)
Mon Sep  7 16:46:53 HKT 2026: Running src.main for 2026-09-06 with cargo=true arrival=false
Mon Sep  7 16:46:54 HKT 2026: Successfully processed 2026-09-06 (cargo=true, arrival=false)
Mon Sep  7 16:46:55 HKT 2026: Running src.main for 2026-09-07 with cargo=true arrival=true
Mon Sep  7 16:46:56 HKT 2026: Successfully processed 2026-09-07 (cargo=true, arrival=true)
Mon Sep  7 16:46:57 HKT 2026: Running src.main for 2026-09-07 with cargo=true arrival=false
Mon Sep  7 16:46:57 HKT 2026: Successfully processed 2026-09-07 (cargo=true, arrival=false)
Mon Sep  7 16:46:59 HKT 2026: Running src.main for 2026-09-08 with cargo=true arrival=true
Mon Sep  7 16:46:59 HKT 2026: Successfully processed 2026-09-08 (cargo=true, arrival=true)
Mon Sep  7 16:47:00 HKT 2026: Running src.main for 2026-09-08 with cargo=true arrival=false
Mon Sep  7 16:47:01 HKT 2026: Successfully processed 2026-09-08 (cargo=true, arrival=false)
Mon Sep  7 16:47:02 HKT 2026: Running src.main for 2026-09-09 with cargo=true arrival=true
Mon Sep  7 16:47:03 HKT 2026: Successfully processed 2026-09-09 (cargo=true, arrival=true)
Mon Sep  7 16:47:04 HKT 2026: Running src.main for 2026-09-09 with cargo=true arrival=false
Mon Sep  7 16:47:05 HKT 2026: Successfully processed 2026-09-09 (cargo=true, arrival=false)
========================================
Mon Sep  7 16:47:06 HKT 2026: Backfill completed!
========================================
